[    0.000000] Initializing cgroup subsys cpuset
[    0.000000] Initializing cgroup subsys cpu
[    0.000000] Initializing cgroup subsys cpuacct
[    0.000000] Linux version 4.4.0-210-generic (buildd@lgw01-amd64-009) (gcc version 5.4.0 20160609 (Ubuntu 5.4.0-6ubuntu1~16.04.12) ) #242-Ubuntu SMP Fri Apr 16 09:57:56 UTC 2021 (Ubuntu 4.4.0-210.242-generic 4.4.262)
[    0.000000] Command line: BOOT_IMAGE=/boot/vmlinuz-4.4.0-210-generic root=LABEL=cloudimg-rootfs ro console=tty1 console=ttyS0
[    0.000000] KERNEL supported cpus:
[    0.000000]   Intel GenuineIntel
[    0.000000]   AMD AuthenticAMD
[    0.000000]   Centaur CentaurHauls
[    0.000000] [Firmware Bug]: TSC doesn't count with P0 frequency!
[    0.000000] x86/fpu: Legacy x87 FPU detected.
[    0.000000] e820: BIOS-provided physical RAM map:
[    0.000000] BIOS-e820: [mem 0x0000000000000000-0x000000000009fbff] usable
[    0.000000] BIOS-e820: [mem 0x000000000009fc00-0x000000000009ffff] reserved
[    0.000000] BIOS-e820: [mem 0x00000000000f0000-0x00000000000fffff] reserved
[    0.000000] BIOS-e820: [mem 0x0000000000100000-0x000000003ffeffff] usable
[    0.000000] BIOS-e820: [mem 0x000000003fff0000-0x000000003fffffff] ACPI data
[    0.000000] BIOS-e820: [mem 0x00000000fec00000-0x00000000fec00fff] reserved
[    0.000000] BIOS-e820: [mem 0x00000000fee00000-0x00000000fee00fff] reserved
[    0.000000] BIOS-e820: [mem 0x00000000fffc0000-0x00000000ffffffff] reserved
[    0.000000] NX (Execute Disable) protection: active
[    0.000000] SMBIOS 2.5 present.
[    0.000000] Hypervisor detected: KVM
[    0.000000] Kernel/User page tables isolation: disabled
[    0.000000] AGP: No AGP bridge found
[    0.000000] e820: last_pfn = 0x3fff0 max_arch_pfn = 0x400000000
[    0.000000] MTRR: Disabled
[    0.000000] x86/PAT: MTRRs disabled, skipping PAT initialization too.
[    0.000000] CPU MTRRs all blank - virtualized system.
[    0.000000] x86/PAT: Configuration [0-7]: WB  WT  UC- UC  WB  WT  UC- UC  
[    0.000000] found SMP MP-table at [mem 0x0009fff0-0x0009ffff] mapped at [ffff88000009fff0]
[    0.000000] Scanning 1 areas for low memory corruption
[    0.000000] RAMDISK: [mem 0x362dc000-0x37165fff]
[    0.000000] ACPI: Early table checksum verification disabled
[    0.000000] ACPI: RSDP 0x00000000000E0000 000024 (v02 VBOX  )
[    0.000000] ACPI: XSDT 0x000000003FFF0030 00003C (v01 VBOX   VBOXXSDT 00000001 ASL  00000061)
[    0.000000] ACPI: FACP 0x000000003FFF00F0 0000F4 (v04 VBOX   VBOXFACP 00000001 ASL  00000061)
[    0.000000] ACPI: DSDT 0x000000003FFF0470 002325 (v02 VBOX   VBOXBIOS 00000002 INTL 20100528)
[    0.000000] ACPI: FACS 0x000000003FFF0200 000040
[    0.000000] ACPI: FACS 0x000000003FFF0200 000040
[    0.000000] ACPI: APIC 0x000000003FFF0240 00005C (v02 VBOX   VBOXAPIC 00000001 ASL  00000061)
[    0.000000] ACPI: SSDT 0x000000003FFF02A0 0001CC (v01 VBOX   VBOXCPUT 00000002 INTL 20100528)
[    0.000000] No NUMA configuration found
[    0.000000] Faking a node at [mem 0x0000000000000000-0x000000003ffeffff]
[    0.000000] NODE_DATA(0) allocated [mem 0x3ffeb000-0x3ffeffff]
[    0.000000] kvm-clock: Using msrs 4b564d01 and 4b564d00
[    0.000000] kvm-clock: cpu 0, msr 0:3ffe3001, primary cpu clock
[    0.000000] kvm-clock: using sched offset of 6361006664 cycles
[    0.000000] clocksource: kvm-clock: mask: 0xffffffffffffffff max_cycles: 0x1cd42e4dffb, max_idle_ns: 881590591483 ns
[    0.000000] Zone ranges:
[    0.000000]   DMA      [mem 0x0000000000001000-0x0000000000ffffff]
[    0.000000]   DMA32    [mem 0x0000000001000000-0x000000003ffeffff]
[    0.000000]   Normal   empty
[    0.000000]   Device   empty
[    0.000000] Movable zone start for each node
[    0.000000] Early memory node ranges
[    0.000000]   node   0: [mem 0x0000000000001000-0x000000000009efff]
[    0.000000]   node   0: [mem 0x0000000000100000-0x000000003ffeffff]
[    0.000000] Initmem setup node 0 [mem 0x0000000000001000-0x000000003ffeffff]
[    0.000000] ACPI: PM-Timer IO Port: 0x4008
[    0.000000] IOAPIC[0]: apic_id 2, version 32, address 0xfec00000, GSI 0-23
[    0.000000] ACPI: INT_SRC_OVR (bus 0 bus_irq 0 global_irq 2 dfl dfl)
[    0.000000] ACPI: INT_SRC_OVR (bus 0 bus_irq 9 global_irq 9 low level)
[    0.000000] Using ACPI (MADT) for SMP configuration information
[    0.000000] smpboot: Allowing 2 CPUs, 0 hotplug CPUs
[    0.000000] PM: Registered nosave memory: [mem 0x00000000-0x00000fff]
[    0.000000] PM: Registered nosave memory: [mem 0x0009f000-0x0009ffff]
[    0.000000] PM: Registered nosave memory: [mem 0x000a0000-0x000effff]
[    0.000000] PM: Registered nosave memory: [mem 0x000f0000-0x000fffff]
[    0.000000] e820: [mem 0x40000000-0xfebfffff] available for PCI devices
[    0.000000] Booting paravirtualized kernel on KVM
[    0.000000] clocksource: refined-jiffies: mask: 0xffffffff max_cycles: 0xffffffff, max_idle_ns: 7645519600211568 ns
[    0.000000] setup_percpu: NR_CPUS:512 nr_cpumask_bits:512 nr_cpu_ids:2 nr_node_ids:1
[    0.000000] PERCPU: Embedded 33 pages/cpu @ffff88003fc00000 s95192 r8192 d31784 u1048576
[    0.000000] Built 1 zonelists in Node order, mobility grouping on.  Total pages: 257912
[    0.000000] Policy zone: DMA32
[    0.000000] Kernel command line: BOOT_IMAGE=/boot/vmlinuz-4.4.0-210-generic root=LABEL=cloudimg-rootfs ro console=tty1 console=ttyS0
[    0.000000] PID hash table entries: 4096 (order: 3, 32768 bytes)
[    0.000000] AGP: Checking aperture...
[    0.000000] AGP: No AGP bridge found
[    0.000000] Memory: 997792K/1048120K available (8644K kernel code, 1332K rwdata, 4044K rodata, 1492K init, 1164K bss, 50328K reserved, 0K cma-reserved)
[    0.000000] SLUB: HWalign=64, Order=0-3, MinObjects=0, CPUs=2, Nodes=1
[    0.000000] Hierarchical RCU implementation.
[    0.000000] 	Build-time adjustment of leaf fanout to 64.
[    0.000000] 	RCU restricting CPUs from NR_CPUS=512 to nr_cpu_ids=2.
[    0.000000] RCU: Adjusting geometry for rcu_fanout_leaf=64, nr_cpu_ids=2
[    0.000000] NR_IRQS:33024 nr_irqs:440 16
[    0.000000] Console: colour VGA+ 80x25
[    0.000000] console [tty1] enabled
[    0.000000] console [ttyS0] enabled
[    0.000000] tsc: Detected 3214.424 MHz processor
[    1.615088] Calibrating delay loop (skipped) preset value.. 6428.84 BogoMIPS (lpj=12857696)
[    1.642522] pid_max: default: 32768 minimum: 301
[    1.657825] ACPI: Core revision 20150930
[    1.672922] ACPI: 2 ACPI AML tables successfully acquired and loaded
[    1.695049] Security Framework initialized
[    1.709489] Yama: becoming mindful.
[    1.721009] AppArmor: AppArmor initialized
[    1.733668] Dentry cache hash table entries: 131072 (order: 8, 1048576 bytes)
[    1.773090] Inode-cache hash table entries: 65536 (order: 7, 524288 bytes)
[    1.803369] Mount-cache hash table entries: 2048 (order: 2, 16384 bytes)
[    1.826055] Mountpoint-cache hash table entries: 2048 (order: 2, 16384 bytes)
[    1.851548] Initializing cgroup subsys io
[    1.865406] Initializing cgroup subsys memory
[    1.878051] Initializing cgroup subsys devices
[    1.891549] Initializing cgroup subsys freezer
[    1.907132] Initializing cgroup subsys net_cls
[    1.922240] Initializing cgroup subsys perf_event
[    1.937943] Initializing cgroup subsys net_prio
[    1.953364] Initializing cgroup subsys hugetlb
[    1.968584] Initializing cgroup subsys pids
[    1.983133] mce: CPU supports 0 MCE banks
[    1.997523] Last level iTLB entries: 4KB 512, 2MB 1024, 4MB 512
[    2.014840] Last level dTLB entries: 4KB 1024, 2MB 1024, 4MB 512, 1GB 0
[    2.037196] Spectre V1 : Mitigation: usercopy/swapgs barriers and __user pointer sanitization
[    2.065793] Spectre V2 : Spectre mitigation: LFENCE not serializing, switching to generic retpoline
[    2.094778] Spectre V2 : Mitigation: Full generic retpoline
[    2.112512] Spectre V2 : Spectre v2 / SpectreRSB mitigation: Filling RSB on context switch
[    2.247220] Freeing SMP alternatives memory: 36K
[    2.520437] ftrace: allocating 32380 entries in 127 pages
[    4.214171] smpboot: APIC(0) Converting physical 0 to logical package 0
[    4.236938] smpboot: Max logical packages: 1
[    4.281295] ..TIMER: vector=0x30 apic1=0 pin1=2 apic2=-1 pin2=-1
[    4.406591] smpboot: CPU0: AMD FX-8320E Eight-Core Processor (family: 0x15, model: 0x2, stepping: 0x0)
[    4.431297] Performance Events: Broken PMU hardware detected, using software events only.
[    4.451980] Failed to access perfctr msr (MSR c0010007 is 0)
[    4.727148] KVM setup paravirtual spinlock
[    4.743524] x86: Booting SMP configuration:
[    4.753034] .... node  #0, CPUs:      #1
[    4.767009] kvm-clock: cpu 1, msr 0:3ffe3041, secondary cpu clock
[    4.779864] mce: CPU supports 0 MCE banks
[    4.788035] TSC synchronization [CPU#0 -> CPU#1]:
[    4.798945] Measured 175555 cycles TSC warp between CPUs, turning off TSC clock.
[    4.815903] tsc: Marking TSC unstable due to check_tsc_sync_source failed
[    1.044568] x86: Booted up 1 node, 2 CPUs
[    1.048006] smpboot: Total of 2 processors activated (12857.69 BogoMIPS)
[    1.064678] devtmpfs: initialized
[    1.088000] evm: security.selinux
[    1.112009] evm: security.SMACK64
[    1.136009] evm: security.SMACK64EXEC
[    1.152007] evm: security.SMACK64TRANSMUTE
[    1.164007] evm: security.SMACK64MMAP
[    1.172004] evm: security.ima
[    1.180003] evm: security.capability
[    1.192844] clocksource: jiffies: mask: 0xffffffff max_cycles: 0xffffffff, max_idle_ns: 7645041785100000 ns
[    1.220031] futex hash table entries: 512 (order: 3, 32768 bytes)
[    1.236880] pinctrl core: initialized pinctrl subsystem
[    1.252658] RTC time: 21:43:17, date: 02/09/23
[    1.266204] NET: Registered protocol family 16
[    1.284010] cpuidle: using governor ladder
[    1.300011] cpuidle: using governor menu
[    1.312056] PCCT header not found.
[    1.331583] ACPI: bus type PCI registered
[    1.340008] acpiphp: ACPI Hot Plug PCI Controller Driver version: 0.5
[    1.357316] PCI: Using configuration type 1 for base access
[    1.372007] PCI: Using configuration type 1 for extended access
[    1.409192] ACPI: Added _OSI(Module Device)
[    1.420006] ACPI: Added _OSI(Processor Device)
[    1.436010] ACPI: Added _OSI(3.0 _SCP Extensions)
[    1.448011] ACPI: Added _OSI(Processor Aggregator Device)
[    1.468697] ACPI: Executed 1 blocks of module-level executable AML code
[    1.499310] ACPI: Interpreter enabled
[    1.508030] ACPI: (supports S0 S5)
[    1.520011] ACPI: Using IOAPIC for interrupt routing
[    1.532812] PCI: Using host bridge windows from ACPI; if necessary, use "pci=nocrs" and report a bug
[    1.571649] ACPI: PCI Root Bridge [PCI0] (domain 0000 [bus 00-ff])
[    1.584009] acpi PNP0A03:00: _OSC: OS supports [ExtendedConfig ASPM ClockPM Segments MSI]
[    1.609031] acpi PNP0A03:00: _OSC: platform does not support [PCIeCapability]
[    1.628394] acpi PNP0A03:00: _OSC: not requesting control; platform does not support [PCIeCapability]
[    1.652014] acpi PNP0A03:00: _OSC: OS requested [PCIeHotplug PME AER PCIeCapability]
[    1.668009] acpi PNP0A03:00: _OSC: platform willing to grant [PCIeHotplug PME AER]
[    1.688006] acpi PNP0A03:00: _OSC failed (AE_SUPPORT); disabling ASPM
[    1.705911] PCI host bridge to bus 0000:00
[    1.716005] pci_bus 0000:00: root bus resource [io  0x0000-0x0cf7 window]
[    1.732005] pci_bus 0000:00: root bus resource [io  0x0d00-0xffff window]
[    1.748005] pci_bus 0000:00: root bus resource [mem 0x000a0000-0x000bffff window]
[    1.808017] pci_bus 0000:00: root bus resource [mem 0x40000000-0xfdffffff window]
[    1.828012] pci_bus 0000:00: root bus resource [bus 00-ff]
[    1.870683] pci 0000:00:01.1: legacy IDE quirk: reg 0x10: [io  0x01f0-0x01f7]
[    1.888009] pci 0000:00:01.1: legacy IDE quirk: reg 0x14: [io  0x03f6]
[    1.904011] pci 0000:00:01.1: legacy IDE quirk: reg 0x18: [io  0x0170-0x0177]
[    1.924007] pci 0000:00:01.1: legacy IDE quirk: reg 0x1c: [io  0x0376]
[    1.993604] pci 0000:00:07.0: quirk: [io  0x4000-0x403f] claimed by PIIX4 ACPI
[    2.012106] pci 0000:00:07.0: quirk: [io  0x4100-0x410f] claimed by PIIX4 SMB
[    2.060534] ACPI: PCI Interrupt Link [LNKA] (IRQs 5 9 10 *11)
[    2.093167] ACPI: PCI Interrupt Link [LNKB] (IRQs 5 9 *10 11)
[    2.123056] ACPI: PCI Interrupt Link [LNKC] (IRQs 5 *9 10 11)
[    2.152461] ACPI: PCI Interrupt Link [LNKD] (IRQs 5 9 10 *11)
[    2.180717] ACPI: Enabled 2 GPEs in block 00 to 07
[    2.196434] vgaarb: setting as boot device: PCI:0000:00:02.0
[    2.200000] vgaarb: device added: PCI:0000:00:02.0,decodes=io+mem,owns=io+mem,locks=none
[    2.232012] vgaarb: loaded
[    2.240004] vgaarb: bridge control possible 0000:00:02.0
[    2.253331] SCSI subsystem initialized
[    2.268966] ACPI: bus type USB registered
[    2.276030] usbcore: registered new interface driver usbfs
[    2.292066] usbcore: registered new interface driver hub
[    2.304014] usbcore: registered new device driver usb
[    2.320672] PCI: Using ACPI for IRQ routing
[    2.334196] NetLabel: Initializing
[    2.344004] NetLabel:  domain hash size = 128
[    2.356003] NetLabel:  protocols = UNLABELED CIPSOv4
[    2.368418] NetLabel:  unlabeled traffic allowed by default
[    2.384356] amd_nb: Cannot enumerate AMD northbridges
[    2.396520] clocksource: Switched to clocksource kvm-clock
[    2.493270] AppArmor: AppArmor Filesystem Enabled
[    2.493270] pnp: PnP ACPI init
[    2.493270] pnp: PnP ACPI: found 3 devices
[    2.615867] clocksource: acpi_pm: mask: 0xffffff max_cycles: 0xffffff, max_idle_ns: 2085701024 ns
[    2.636591] NET: Registered protocol family 2
[    2.649494] TCP established hash table entries: 8192 (order: 4, 65536 bytes)
[    2.667310] TCP bind hash table entries: 8192 (order: 5, 131072 bytes)
[    2.684372] TCP: Hash tables configured (established 8192 bind 8192)
[    2.701004] UDP hash table entries: 512 (order: 2, 16384 bytes)
[    2.715937] UDP-Lite hash table entries: 512 (order: 2, 16384 bytes)
[    2.731925] NET: Registered protocol family 1
[    2.744387] pci 0000:00:00.0: Limiting direct PCI/PCI transfers
[    2.760369] pci 0000:00:01.0: Activating ISA DMA hang workarounds
[    2.776734] Unpacking initramfs...
[    2.874255] Freeing initrd memory: 14888K
[    3.590335] clocksource: tsc: mask: 0xffffffffffffffff max_cycles: 0x2e5583fa00b, max_idle_ns: 440795362844 ns
[    3.624497] platform rtc_cmos: registered platform RTC device (no PNP device found)
[    3.649987] Scanning for low memory corruption every 60 seconds
[    3.673337] audit: initializing netlink subsys (disabled)
[    3.688155] audit: type=2000 audit(1675979004.384:1): initialized
[    3.705935] Initialise system trusted keyring
[    3.722987] HugeTLB registered 2 MB page size, pre-allocated 0 pages
[    3.744922] zbud: loaded
[    3.756310] VFS: Disk quotas dquot_6.6.0
[    3.767850] VFS: Dquot-cache hash table entries: 512 (order 0, 4096 bytes)
[    3.786366] squashfs: version 4.0 (2009/01/31) Phillip Lougher
[    3.805319] fuse init (API version 7.23)
[    3.817807] Key type big_key registered
[    3.828753] Allocating IMA MOK and blacklist keyrings.
[    3.868226] Key type asymmetric registered
[    3.879173] Asymmetric key parser 'x509' registered
[    3.891974] Block layer SCSI generic (bsg) driver version 0.4 loaded (major 249)
[    3.911310] io scheduler noop registered
[    3.921633] io scheduler deadline registered (default)
[    3.934821] io scheduler cfq registered
[    3.945805] pci_hotplug: PCI Hot Plug PCI Core version: 0.5
[    3.960225] pciehp: PCI Express Hot Plug Controller Driver version: 0.4
[    3.977837] ACPI: AC Adapter [AC] (on-line)
[    3.989623] input: Power Button as /devices/LNXSYSTM:00/LNXPWRBN:00/input/input0
[    4.006523] ACPI: Power Button [PWRF]
[    4.016076] input: Sleep Button as /devices/LNXSYSTM:00/LNXSLPBN:00/input/input1
[    4.033525] ACPI: Sleep Button [SLPF]
[    4.044655] GHES: HEST is not enabled!
[    4.055795] Serial: 8250/16550 driver, 32 ports, IRQ sharing enabled
[    4.125033] 00:02: ttyS0 at I/O 0x3f8 (irq = 4, base_baud = 115200) is a 16550A
[    4.175897] Linux agpgart interface v0.103
[    4.219911] loop: module loaded
[    4.235273] scsi host0: ata_piix
[    4.246453] scsi host1: ata_piix
[    4.254702] ata1: PATA max UDMA/33 cmd 0x1f0 ctl 0x3f6 bmdma 0xd000 irq 14
[    4.270834] ata2: PATA max UDMA/33 cmd 0x170 ctl 0x376 bmdma 0xd008 irq 15
[    4.286797] libphy: Fixed MDIO Bus: probed
[    4.298412] tun: Universal TUN/TAP device driver, 1.6
[    4.311011] tun: (C) 1999-2004 Max Krasnyansky <maxk@qualcomm.com>
[    4.326477] PPP generic driver version 2.4.2
[    4.338326] ehci_hcd: USB 2.0 'Enhanced' Host Controller (EHCI) Driver
[    4.353921] ehci-pci: EHCI PCI platform driver
[    4.364966] ehci-platform: EHCI generic platform driver
[    4.377998] ohci_hcd: USB 1.1 'Open' Host Controller (OHCI) Driver
[    4.392892] ohci-pci: OHCI PCI platform driver
[    4.402979] ohci-platform: OHCI generic platform driver
[    4.414608] uhci_hcd: USB Universal Host Controller Interface driver
[    4.429167] i8042: PNP: PS/2 Controller [PNP0303:PS2K,PNP0f03:PS2M] at 0x60,0x64 irq 1,12
[    4.457073] serio: i8042 KBD port at 0x60,0x64 irq 1
[    4.469765] serio: i8042 AUX port at 0x60,0x64 irq 12
[    4.569475] mousedev: PS/2 mouse device common for all mice
[    4.594149] rtc_cmos rtc_cmos: rtc core: registered rtc_cmos as rtc0
[    4.610530] rtc_cmos rtc_cmos: alarms up to one day, 114 bytes nvram
[    4.625433] i2c /dev entries driver
[    4.634236] device-mapper: uevent: version 1.0.3
[    4.647271] device-mapper: ioctl: 4.34.0-ioctl (2015-10-28) initialised: dm-devel@redhat.com
[    4.649764] input: AT Translated Set 2 keyboard as /devices/platform/i8042/serio0/input/input2
[    4.686411] ledtrig-cpu: registered to indicate activity on CPUs
[    4.704887] x86/pm: family 0x15 cpu detected, MSR saving is needed during suspending.
[    4.723833] NET: Registered protocol family 10
[    4.736732] NET: Registered protocol family 17
[    4.747545] Key type dns_resolver registered
[    4.762837] registered taskstats version 1
[    4.772749] Loading compiled-in X.509 certificates
[    4.785075] Loaded X.509 cert 'Build time autogenerated kernel key: cf00e047681d67edb2720680708b7d9498083038'
[    4.809178] zswap: loaded using pool lzo/zbud
[    4.832996] Key type trusted registered
[    4.861022] Key type encrypted registered
[    4.871681] AppArmor: AppArmor sha1 policy hashing enabled
[    4.885387] ima: No TPM chip found, activating TPM-bypass!
[    4.898943] ima: Allocated hash algorithm: sha1
[    4.910718] evm: HMAC attrs: 0x1
[    4.922673]   Magic number: 11:563:752
[    4.932716] tty ttyS3: hash matches
[    4.942362] rtc_cmos rtc_cmos: setting system clock to 2023-02-09 21:43:21 UTC (1675979001)
[    4.961940] BIOS EDD facility v0.16 2004-Jun-25, 0 devices found
[    4.975690] EDD information not available.
[    4.990692] Freeing unused kernel memory: 1492K
[    5.012385] Write protecting the kernel read-only data: 14336k
[    5.027547] Freeing unused kernel memory: 1584K
[    5.038862] Freeing unused kernel memory: 52K
Loading, please wait...
starting version 229
[    5.099428] random: systemd-udevd: uninitialized urandom read (16 bytes read, 6 bits of entropy available)
[    5.101146] random: udevadm: uninitialized urandom read (16 bytes read, 6 bits of entropy available)
[    5.101168] random: udevadm: uninitialized urandom read (16 bytes read, 6 bits of entropy available)
[    5.133185] random: udevadm: uninitialized urandom read (16 bytes read, 6 bits of entropy available)
[    5.133236] random: udevadm: uninitialized urandom read (16 bytes read, 6 bits of entropy available)
[    5.133597] random: udevadm: uninitialized urandom read (16 bytes read, 6 bits of entropy available)
[    5.133671] random: udevadm: uninitialized urandom read (16 bytes read, 6 bits of entropy available)
[    5.133888] random: udevadm: uninitialized urandom read (16 bytes read, 6 bits of entropy available)
[    5.133955] random: udevadm: uninitialized urandom read (16 bytes read, 6 bits of entropy available)
[    5.134019] random: udevadm: uninitialized urandom read (16 bytes read, 6 bits of entropy available)
[    5.402418] e1000: Intel(R) PRO/1000 Network Driver - version 7.3.21-k8-NAPI
[    5.421452] e1000: Copyright (c) 1999-2006 Intel Corporation.
[    5.480666] Fusion MPT base driver 3.04.20
[    5.493479] Copyright (c) 1999-2008 LSI Corporation
[    5.545389] Fusion MPT SPI Host driver 3.04.20
[    5.883954] input: ImExPS/2 Generic Explorer Mouse as /devices/platform/i8042/serio1/input/input4
[    6.753868] e1000 0000:00:03.0 eth0: (PCI:33MHz:32-bit) 02:be:82:6b:cc:1d
[    6.769633] e1000 0000:00:03.0 eth0: Intel(R) PRO/1000 Network Connection
[    6.790758] mptbase: ioc0: Initiating bringup
[    7.733607] ioc0: LSI53C1030 A0: Capabilities={Initiator}
[    7.937804] scsi host2: ioc0: LSI53C1030 A0, FwRev=00000000h, Ports=1, MaxQ=256, IRQ=20
[    8.070551] scsi 2:0:0:0: Direct-Access     VBOX     HARDDISK         1.0  PQ: 0 ANSI: 5
[    8.089319] scsi target2:0:0: Beginning Domain Validation
[    8.119309] scsi target2:0:0: Domain Validation skipping write tests
[    8.135870] scsi target2:0:0: Ending Domain Validation
[    8.150830] scsi target2:0:0: asynchronous
[    8.177594] scsi 2:0:1:0: Direct-Access     VBOX     HARDDISK         1.0  PQ: 0 ANSI: 5
[    8.198240] scsi target2:0:1: Beginning Domain Validation
[    8.228262] scsi target2:0:1: Domain Validation skipping write tests
[    8.245270] scsi target2:0:1: Ending Domain Validation
[    8.259733] scsi target2:0:1: asynchronous
[    8.305844] sd 2:0:0:0: Attached scsi generic sg0 type 0
[    8.319468] sd 2:0:0:0: [sda] 83886080 512-byte logical blocks: (42.9 GB/40.0 GiB)
[    8.340974] sd 2:0:1:0: [sdb] 20480 512-byte logical blocks: (10.5 MB/10.0 MiB)
[    8.361050] sd 2:0:1:0: Attached scsi generic sg1 type 0
[    8.380767] sd 2:0:0:0: [sda] Write Protect is off
[    8.393973] sd 2:0:1:0: [sdb] Write Protect is off
[    8.406946] sd 2:0:0:0: [sda] Incomplete mode parameter data
[    8.420781] sd 2:0:0:0: [sda] Assuming drive cache: write through
[    8.437554] sd 2:0:1:0: [sdb] Incomplete mode parameter data
[    8.451094] sd 2:0:1:0: [sdb] Assuming drive cache: write through
[    8.498476]  sda: sda1
[    8.511247] sd 2:0:0:0: [sda] Attached SCSI disk
[    8.536048] sd 2:0:1:0: [sdb] Attached SCSI disk
[    9.628162] e1000 0000:00:08.0 eth1: (PCI:33MHz:32-bit) 08:00:27:8b:46:44
[    9.645671] e1000 0000:00:08.0 eth1: Intel(R) PRO/1000 Network Connection
[    9.669846] e1000 0000:00:08.0 enp0s8: renamed from eth1
[    9.693851] e1000 0000:00:03.0 enp0s3: renamed from eth0
Begin: Loading essential drivers ... [   11.977194] md: linear personality registered for level -1
[   11.998263] md: multipath personality registered for level -4
[   12.018272] md: raid0 personality registered for level 0
[   12.061017] md: raid1 personality registered for level 1
[   79.835828] INFO: rcu_sched detected stalls on CPUs/tasks:[   79.836137] raid6: sse2x1   gen() 5246421 MB/s

[   79.839706] 
[   79.839706] 	1-...: (5 ticks this GP) idle=db1/140000000000000/0 softirq=1044/1046 fqs=4 
[   79.839706] 	(detected by 0, t=16937 jiffies, g=-113, c=-114, q=41)
[   79.839706] Task dump for CPU 1:
[   79.839706] modprobe        R  running task        0   233    219 0x00000008
[   79.839706]  ffffffff81e13080 ffff88003d8dd9e0 0000000000000000 ffffffffc004c000
[   79.839706]  ffff880036f95540 ffff880036e8bd08 ffffffff81002135 ffffea0000dba840
[   79.839706]  ffff880036e8bce0 0000000000000286 0000000000000001 000000000000001a
[   79.839706] Call Trace:
[   79.839706]  [<ffffffffc004c000>] ? 0xffffffffc004c000
[   79.839706]  [<ffffffff81002135>] ? do_one_initcall+0xb5/0x200
[   79.839706]  [<ffffffff811fa195>] ? kmem_cache_alloc_trace+0x185/0x1f0
[   79.839706]  [<ffffffff8185a350>] ? do_init_module+0x5f/0x1da
[   79.839706]  [<ffffffff8111254c>] ? load_module+0x171c/0x1c80
[   79.839706]  [<ffffffff8110e9d0>] ? __symbol_put+0x60/0x60
[   79.839706]  [<ffffffff81222b50>] ? kernel_read+0x50/0x80
[   79.839706]  [<ffffffff81112cf4>] ? SYSC_finit_module+0xb4/0xe0
[   79.839706]  [<ffffffff81112d3e>] ? SyS_finit_module+0xe/0x10
[   79.839706]  [<ffffffff8186bb5b>] ? entry_SYSCALL_64_fastpath+0x22/0xd0
[   79.839706] rcu_sched kthread starved for 16930 jiffies! g18446744073709551503 c18446744073709551502 f0x0 s3 ->state=0x1
[   80.233421] raid6: sse2x1   xor()  3936 MB/s
[   80.316777] raid6: sse2x2   gen()  7849 MB/s
[   80.410090] raid6: sse2x2   xor()  5420 MB/s
[   80.468034] raid6: sse2x4   gen() 63952 MB/s
[   80.936760] raid6: sse2x4   xor()  3748 MB/s
[   80.948627] raid6: using algorithm sse2x1 gen() 5246421 MB/s
[   80.965140] raid6: .... xor() 3936 MB/s, rmw enabled
[   80.978370] raid6: using ssse3x2 recovery algorithm
[   80.996846] xor: measuring software checksum speed
[   81.044618]    prefetch64-sse:  9006.000 MB/sec
[   81.092763]    generic_sse:  9312.000 MB/sec
[   81.103350] xor: using function: generic_sse (9312.000 MB/sec)
[   81.123495] async_tx: api initialized (async)
[   81.245990] md: raid6 personality registered for level 6
[   81.259371] md: raid5 personality registered for level 5
[   81.271907] md: raid4 personality registered for level 4
[   81.329110] md: raid10 personality registered for level 10
done.
Begin: Running /scripts/init-premount ... done.
Begin: Mounting root file system ... Begin: Running /scripts/local-top ... done.
Begin: Running /scripts/local-premount ... [   81.551277] Btrfs loaded
Scanning for Btrfs filesystems
done.
Warning: fsck not present, so skipping root file system
[   81.863105] EXT4-fs (sda1): mounted filesystem with ordered data mode. Opts: (null)
done.
Begin: Running /scripts/local-bottom ... done.
Begin: Running /scripts/init-bottom ... done.
[   82.456099] random: nonblocking pool is initialized
[   83.275087] systemd[1]: systemd 229 running in system mode. (+PAM +AUDIT +SELINUX +IMA +APPARMOR +SMACK +SYSVINIT +UTMP +LIBCRYPTSETUP +GCRYPT +GNUTLS +ACL +XZ -LZ4 +SECCOMP +BLKID +ELFUTILS +KMOD -IDN)
[   83.318725] systemd[1]: Detected virtualization oracle.
[   83.332966] systemd[1]: Detected architecture x86-64.

Welcome to [1mUbuntu 16.04.7 LTS[0m!

[   83.442092] systemd[1]: Set hostname to <ubuntu-xenial>.
[   85.567359] systemd[1]: Listening on LVM2 metadata daemon socket.
[[0;32m  OK  [0m] Listening on LVM2 metadata daemon socket.
[   85.591590] systemd[1]: Started Forward Password Requests to Wall Directory Watch.
[[0;32m  OK  [0m] Started Forward Password Requests to Wall Directory Watch.
[   85.621831] systemd[1]: Reached target System Time Synchronized.
[[0;32m  OK  [0m] Reached target System Time Synchronized.
[   85.644452] systemd[1]: Reached target Encrypted Volumes.
[[0;32m  OK  [0m] Reached target Encrypted Volumes.
[   85.667011] systemd[1]: Created slice User and Session Slice.
[[0;32m  OK  [0m] Created slice User and Session Slice.
[   85.688226] systemd[1]: Reached target Swap.
[[0;32m  OK  [0m] Reached target Swap.
[   85.706530] systemd[1]: Listening on udev Control Socket.
[[0;32m  OK  [0m] Listening on udev Control Socket.
[   85.728777] systemd[1]: Listening on fsck to fsckd communication Socket.
[[0;32m  OK  [0m] Listening on fsck to fsckd communication Socket.
[   85.754486] systemd[1]: Listening on Journal Socket.
[[0;32m  OK  [0m] Listening on Journal Socket.
[   85.775738] systemd[1]: Started Trigger resolvconf update for networkd DNS.
[[0;32m  OK  [0m] Started Trigger resolvconf update for networkd DNS.
[   85.802193] systemd[1]: Listening on LVM2 poll daemon socket.
[[0;32m  OK  [0m] Listening on LVM2 poll daemon socket.
[   85.828668] systemd[1]: Set up automount Arbitrary Executable File Formats File System Automount Point.
[[0;32m  OK  [0m] Set up automount Arbitrary Executab...ats File System Automount Point.
[   85.863730] systemd[1]: Listening on Journal Socket (/dev/log).
[[0;32m  OK  [0m] Listening on Journal Socket (/dev/log).
[   85.888584] systemd[1]: Reached target User and Group Name Lookups.
[[0;32m  OK  [0m] Reached target User and Group Name Lookups.
[   85.914286] systemd[1]: Listening on Device-mapper event daemon FIFOs.
[[0;32m  OK  [0m] Listening on Device-mapper event daemon FIFOs.
[   85.939734] systemd[1]: Created slice System Slice.
[[0;32m  OK  [0m] Created slice System Slice.
[   85.974567] systemd[1]: Starting Create list of required static device nodes for the current kernel...
         Starting Create list of required st... nodes for the current kernel...
[   86.030516] systemd[1]: Mounting Debug File System...
         Mounting Debug File System...
[   86.061194] systemd[1]: Starting Nameserver information manager...
         Starting Nameserver information manager...
[   86.094064] systemd[1]: Starting File System Check on Root Device...
         Starting File System Check on Root Device...
[   86.128760] systemd[1]: Reached target Slices.
[[0;32m  OK  [0m] Reached target Slices.
[   86.158968] systemd[1]: Listening on Journal Audit Socket.
[[0;32m  OK  [0m] Listening on Journal Audit Socket.
[   86.191689] systemd[1]: Created slice system-serial\x2dgetty.slice.
[[0;32m  OK  [0m] Created slice system-serial\x2dgetty.slice.
[   86.224507] systemd[1]: Listening on Syslog Socket.
[[0;32m  OK  [0m] Listening on Syslog Socket.
[   86.269808] systemd[1]: Starting Journal Service...
         Starting Journal Service...
[   86.425455] systemd[1]: Starting Load Kernel Modules...
         Starting Load Kernel Modules...
[   86.447253] systemd[1]: Mounting POSIX Message Queue File System...
         Mounting POSIX Message Queue File System...
[   86.471311] systemd[1]: Listening on /dev/initctl Compatibility Named Pipe.
[[0;32m  OK  [0m] Listening on /dev/initctl Compatibility Named Pipe.
[   86.500496] systemd[1]: Starting Set console keymap...
         Starting Set console keymap...
[   86.522219] systemd[1]: Listening on udev Kernel Socket.
[[0;32m  OK  [0m] Listening on udev Kernel Socket.
[   86.547979] systemd[1]: Starting Monitoring of LVM2 mirrors, snapshots etc. using dmeventd or progress polling...
         Starting Monitoring of LVM2 mirrors... dmeventd or progress polling...
[   86.591323] systemd[1]: Starting Uncomplicated firewall...
         Starting Uncomplicated firewall...
[   86.618151] systemd[1]: Mounting Huge Pages File System...
         Mounting Huge Pages File System...
[   86.645545] systemd[1]: Mounted Huge Pages File System.
[[0;32m  OK  [0m] Mounted Huge Pages File System.
[   86.676823] systemd[1]: Mounted POSIX Message Queue File System.
[[0;32m  OK  [0m] Mounted POSIX Message Queue File System.
[   86.710807] systemd[1]: Mounted Debug File System.
[[0;32m  OK  [0m] Mounted Debug File System.
[   86.740556] systemd[1]: Started Create list of required static device nodes for the current kernel.
[[0;32m  OK  [0m] Started Create list of required sta...ce nodes for the current kernel.
[   86.810010] systemd[1]: Started File System Check Daemon to report status.
[[0;32m  OK  [0m] Started File System Check Daemon to report status.
[   86.842067] systemd[1]: Starting Create Static Device Nodes in /dev...
         Starting Create Static Device Nodes in /dev...
[   86.870870] systemd[1]: Started Uncomplicated firewall.
[[0;32m  OK  [0m] Started Uncomplicated firewall.
[   86.936875] Loading iSCSI transport class v2.0-870.
[   86.956864] systemd[1]: Started Nameserver information manager.
[[0;32m  OK  [0m] Started Nameserver information manager.
[   87.003271] systemd[1]: Started File System Check on Root Device.
[[0;32m  OK  [0m] Started File System Check on Root Device.
[   87.031922] systemd[1]: Started Journal Service.
[[0;32m  OK  [0m] Started Journal Service.
         Starting Remount Root and Kernel File Systems...
[[0;32m  OK  [0m] Started Set console keymap.
[   87.128747] iscsi: registered transport (tcp)
[   87.175548] EXT4-fs (sda1): re-mounted. Opts: (null)
[[0;32m  OK  [0m] Started Remount Root and Kernel File Systems.
         Starting Load/Save Random Seed...
         Starting udev Coldplug all Devices...
         Starting Flush Journal to Persistent Storage...
[[0;32m  OK  [0m] Started Load/Save Random Seed.
[[0;32m  OK  [0m] Started LVM2 metadata daemon.
[   87.556052] systemd-journald[368]: Received request to flush runtime journal from PID 1
[[0;32m  OK  [0m] Started udev Coldplug all Devices.
[[0;32m  OK  [0m] Started Flush Journal to Persistent Storage.
[   87.740934] iscsi: registered transport (iser)
[[0;32m  OK  [0m] Started Load Kernel Modules.
         Starting Apply Kernel Variables...
         Mounting FUSE Control File System...
[[0;32m  OK  [0m] Mounted FUSE Control File System.
[[0;32m  OK  [0m] Started Create Static Device Nodes in /dev.
         Starting udev Kernel Device Manager...
[[0;32m  OK  [0m] Started Apply Kernel Variables.
[[0;32m  OK  [0m] Started Monitoring of LVM2 mirrors,...ng dmeventd or progress polling.
[[0;32m  OK  [0m] Reached target Local File Systems (Pre).
[[0;32m  OK  [0m] Reached target Local File Systems.
         Starting Initial cloud-init job (pre-networking)...
         Starting Tell Plymouth To Write Out Runtime Data...
         Starting Set console font and keymap...
         Starting LSB: AppArmor initialization...
         Starting Create Volatile Files and Directories...
[[0;32m  OK  [0m] Started Tell Plymouth To Write Out Runtime Data.
[[0;32m  OK  [0m] Started Create Volatile Files and Directories.
         Starting Update UTMP about System Boot/Shutdown...
[[0;32m  OK  [0m] Started Update UTMP about System Boot/Shutdown.
[[0;32m  OK  [0m] Started udev Kernel Device Manager.
[[0;32m  OK  [0m] Started Dispatch Password Requests to Console Directory Watch.
[[0;32m  OK  [0m] Found device /dev/ttyS0.
[[0;32m  OK  [0m] Listening on Load/Save RF Kill Switch Status /dev/rfkill Watch.
[[0;32m  OK  [0m] Started Set console font and keymap.
[[0;32m  OK  [0m] Started LSB: AppArmor initialization.
         Starting Load AppArmor profiles managed internally by snapd...
[[0;32m  OK  [0m] Created slice system-getty.slice.
[[0;32m  OK  [0m] Found device 82540EM Gigabit Ethern...r (PRO/1000 MT Desktop Adapter).
[[0;32m  OK  [0m] Found device 82540EM Gigabit Ethern...r (PRO/1000 MT Desktop Adapter).
[[0;32m  OK  [0m] Started Load AppArmor profiles managed internally by snapd.
[   97.710626] cloud-init[461]: Cloud-init v. 21.1-19-gbad84ad4-0ubuntu1~16.04.2 running 'init-local' at Thu, 09 Feb 2023 21:44:53 +0000. Up 96.51 seconds.
[[0;32m  OK  [0m] Started Initial cloud-init job (pre-networking).
[[0;32m  OK  [0m] Reached target Network (Pre).
[[0;32m  OK  [0m] Started ifup for enp0s8.
[[0;32m  OK  [0m] Started ifup for enp0s3.
         Starting Raise network interfaces...
[[0;32m  OK  [0m] Started Raise network interfaces.
         Starting Initial cloud-init job (metadata service crawler)...
[[0;32m  OK  [0m] Reached target Network.
[  100.059747] cloud-init[1054]: Cloud-init v. 21.1-19-gbad84ad4-0ubuntu1~16.04.2 running 'init' at Thu, 09 Feb 2023 21:44:55 +0000. Up 99.01 seconds.
[  100.076072] cloud-init[1054]: ci-info: ++++++++++++++++++++++++++++++++++++++Net device info+++++++++++++++++++++++++++++++++++++++
[  100.090583] cloud-init[1054]: ci-info: +--------+------+-----------------------------+---------------+--------+-------------------+
[  100.105957] cloud-init[1054]: ci-info: | Device |  Up  |           Address           |      Mask     | Scope  |     Hw-Address    |
[  100.121356] cloud-init[1054]: ci-info: +--------+------+-----------------------------+---------------+--------+-------------------+
[  100.137473] cloud-init[1054]: ci-info: | enp0s3 | True |          10.0.2.15          | 255.255.255.0 | global | 02:be:82:6b:cc:1d |
[  100.152772] cloud-init[1054]: ci-info: | enp0s3 | True |  fe80::be:82ff:fe6b:cc1d/64 |       .       |  link  | 02:be:82:6b:cc:1d |
[  100.169413] cloud-init[1054]: ci-info: | enp0s8 | True |        192.168.10.100       | 255.255.255.0 | global | 08:00:27:8b:46:44 |
[  100.185563] cloud-init[1054]: ci-info: | enp0s8 | True | fe80::a00:27ff:fe8b:4644/64 |       .       |  link  | 08:00:27:8b:46:44 |
[  100.203569] cloud-init[1054]: ci-info: |   lo   | True |          127.0.0.1          |   255.0.0.0   |  host  |         .         |
[  100.221842] cloud-init[1054]: ci-info: |   lo   | True |           ::1/128           |       .       |  host  |         .         |
[  100.238295] cloud-init[1054]: ci-info: +--------+------+-----------------------------+---------------+--------+-------------------+
[[0;32m  OK  [0m] Started Initial cloud-init job (metadata service crawler).
[  100.267404] cloud-init[1054]: ci-info: ++++++++++++++++++++++++++++Route IPv4 info++++++++++++++++++++++++++++
[  100.286457] cloud-init[1054]: ci-info: +-------+--------------+----------+---------------+-----------+-------+
[[0;32m  OK  [0m] Reached target System Initialization.
[  100.302818] cloud-init[1054]: ci-info: | Route | Destination  | Gateway  |    Genmask    | Interface | Flags |
[[0;32m  OK  [0m] Listening on D-Bus System Message Bus Socket.
[  100.323568] cloud-init[1054]: ci-info: +-------+--------------+----------+---------------+-----------+-------+
[[0;32m  OK  [0m] Started Daily apt download activities.
[  100.345180] cloud-init[1054]: ci-info: |   0   |   0.0.0.0    | 10.0.2.2 |    0.0.0.0    |   enp0s3  |   UG  |
[  100.367383] cloud-init[1054]: ci-info: |   1   |   10.0.2.0   | 0.0.0.0  | 255.255.255.0 |   enp0s3  |   U   |
[  100.386704] cloud-init[1054]: ci-info: |   2   | 192.168.10.0 | 0.0.0.0  | 255.255.255.0 |   enp0s8  |   U   |
         Starting LXD - unix socket.
[  100.411428] cloud-init[1054]: ci-info: +-------+--------------+----------+---------------+-----------+-------+
[[0;32m  OK  [0m] Listening on ACPID Listen Socket.
[  100.436966] cloud-init[1054]: ci-info: +++++++++++++++++++Route IPv6 info+++++++++++++++++++
[  100.455308] cloud-init[1054]: ci-info: +-------+-------------+---------+-----------+-------+
         Starting Socket activation for snappy daemon.
[  100.469766] cloud-init[1054]: ci-info: | Route | Destination | Gateway | Interface | Flags |
[  100.491274] cloud-init[1054]: ci-info: +-------+-------------+---------+-----------+-------+
[  100.509537] cloud-init[1054]: ci-info: |   0   |  fe80::/64  |    ::   |   enp0s8  |   U   |
[  100.523351] cloud-init[1054]: ci-info: |   1   |  fe80::/64  |    ::   |   enp0s3  |   U   |
[[0;32m  OK  [0m] Started ACPI Events Check.
[  100.538277] cloud-init[1054]: ci-info: |   4   |   ff00::/8  |    ::   |   enp0s8  |   U   |
[[0;32m  OK  [0m] Reached target Paths.
[  100.561475] [[0;32m  OK  [0m] Started Daily Cleanup of Temporary Directories.
[[0;32m  OK  [0m] Started Message of the Day.
[[0;32m  OK  [0m] Listening on UUID daemon activation socket.
[[0;32m  OK  [0m] Started Daily apt upgrade and clean activities.
[[0;32m  OK  [0m] Started Ubuntu Advantage Timer for running repeated jobs.
[[0;32m  OK  [0m] Reached target Timers.
[[0;32m  OK  [0m] Reached target Cloud-config availability.
[[0;32m  OK  [0m] Reached target Network is Online.
cloud-init[1054]: ci-info: |   5   |   ff00::/8  |    ::   |   enp0s3  |   U   |
[  100.619515] cloud-init[1054]: ci-info: +-------+-------------+---------+-----------+-------+
         Starting iSCSI initiator daemon (iscsid)...
[[0;32m  OK  [0m] Listening on LXD - unix socket.
[[0;32m  OK  [0m] Listening on Socket activation for snappy daemon.
[[0;32m  OK  [0m] Reached target Sockets.
[[0;32m  OK  [0m] Reached target Basic System.
[[0;32m  OK  [0m] Started Deferred execution scheduler.
         Starting /etc/rc.local Compatibility...
         Starting Login Service...
[[0;32m  OK  [0m] Started ACPI event daemon.
[[0;32m  OK  [0m] Started FUSE filesystem for LXC.
         Starting System Logging Service...
         Starting OpenBSD Secure Shell server...
         Starting A high performance web server and a reverse proxy server...
         Starting Accounts Service...
[[0;32m  OK  [0m] Started D-Bus System Message Bus.
         Starting Virtualbox guest utils...
[[0;32m  OK  [0m] Started Regular background program processing daemon.
         Starting LSB: Record successful boot for GRUB...
         Starting LSB: MD monitoring daemon...
         Starting Snap Daemon...
         Starting LXD - container startup/shutdown...
[[0;32m  OK  [0m] Started System Logging Service.
[[0;32m  OK  [0m] Started iSCSI initiator daemon (iscsid).
[[0;32m  OK  [0m] Started /etc/rc.local Compatibility.
[[0;32m  OK  [0m] Started OpenBSD Secure Shell server.
[[0;32m  OK  [0m] Started Login Service.
[[0;32m  OK  [0m] Started Unattended Upgrades Shutdown.
         Starting Login to default iSCSI targets...
         Starting Authenticate and Authorize Users to Run Privileged Tasks...
[[0;32m  OK  [0m] Started LSB: Record successful boot for GRUB.
[[0;32m  OK  [0m] Started LSB: MD monitoring daemon.
[[0;32m  OK  [0m] Started Login to default iSCSI targets.
[[0;32m  OK  [0m] Reached target Remote File Systems (Pre).
         Mounting /vagrant...
         Mounting /home/vagrant/app...
[[0;1;31mFAILED[0m] Failed to mount /vagrant.
See 'systemctl status vagrant.mount' for details.
[[0;1;33mDEPEND[0m] Dependency failed for Remote File Systems.
[[0;1;31mFAILED[0m] Failed to mount /home/vagrant/app.
See 'systemctl status home-vagrant-app.mount' for details.
[[0;32m  OK  [0m] Started Authenticate and Authorize Users to Run Privileged Tasks.
[[0;32m  OK  [0m] Started Accounts Service.
         Starting LSB: daemon to balance interrupts for SMP systems...
         Starting LSB: Set the CPU Frequency Scaling governor to "ondemand"...
         Starting LSB: automatic crash report generation...
         Starting Permit User Sessions...
[[0;32m  OK  [0m] Started LSB: Set the CPU Frequency Scaling governor to "ondemand".
[[0;32m  OK  [0m] Started Permit User Sessions.
         Starting Hold until boot process finishes up...
         Starting Terminate Plymouth Boot Screen...
[[0;32m  OK  [0m] Started Hold until boot process finishes up.
[[0;32m  OK  [0m] Started Terminate Plymouth Boot Screen.
[[0;32m  OK  [0m] Started Getty on tty1.
[[0;32m  OK  [0m] Started Serial Getty on ttyS0.
[[0;32m  OK  [0m] Reached target Login Prompts.
         Starting Set console scheme...
[[0;32m  OK  [0m] Started Virtualbox guest utils.
[[0;32m  OK  [0m] Started Set console scheme.
[[0;32m  OK  [0m] Started LSB: daemon to balance interrupts for SMP systems.
[[0;32m  OK  [0m] Started LSB: automatic crash report generation.
[[0;32m  OK  [0m] Created slice User Slice of vagrant.
         Starting User Manager for UID 1000...
[[0;32m  OK  [0m] Started Session 1 of user vagrant.
[[0;32m  OK  [0m] Started A high performance web server and a reverse proxy server.
[[0;32m  OK  [0m] Started User Manager for UID 1000.
[[0;32m  OK  [0m] Started LXD - container startup/shutdown.

Ubuntu 16.04.7 LTS ubuntu-xenial ttyS0

ubuntu-xenial login: [  112.280889] cloud-init[1415]: Cloud-init v. 21.1-19-gbad84ad4-0ubuntu1~16.04.2 running 'modules:config' at Thu, 09 Feb 2023 21:45:08 +0000. Up 111.96 seconds.
[  114.222454] cloud-init[1532]: Cloud-init v. 21.1-19-gbad84ad4-0ubuntu1~16.04.2 running 'modules:final' at Thu, 09 Feb 2023 21:45:10 +0000. Up 113.79 seconds.
[  114.244207] cloud-init[1532]: Cloud-init v. 21.1-19-gbad84ad4-0ubuntu1~16.04.2 finished at Thu, 09 Feb 2023 21:45:10 +0000. Datasource DataSourceNoCloud [seed=/dev/sdb][dsmode=net].  Up 114.21 seconds
