[    0.000000] Initializing cgroup subsys cpuset
[    0.000000] Initializing cgroup subsys cpu
[    0.000000] Initializing cgroup subsys cpuacct
[    0.000000] Linux version 4.4.0-210-generic (buildd@lgw01-amd64-009) (gcc version 5.4.0 20160609 (Ubuntu 5.4.0-6ubuntu1~16.04.12) ) #242-Ubuntu SMP Fri Apr 16 09:57:56 UTC 2021 (Ubuntu 4.4.0-210.242-generic 4.4.262)
[    0.000000] Command line: BOOT_IMAGE=/boot/vmlinuz-4.4.0-210-generic root=LABEL=cloudimg-rootfs ro console=tty1 console=ttyS0
[    0.000000] KERNEL supported cpus:
[    0.000000]   Intel GenuineIntel
[    0.000000]   AMD AuthenticAMD
[    0.000000]   Centaur CentaurHauls
[    0.000000] [Firmware Bug]: TSC doesn't count with P0 frequency!
[    0.000000] x86/fpu: Legacy x87 FPU detected.
[    0.000000] e820: BIOS-provided physical RAM map:
[    0.000000] BIOS-e820: [mem 0x0000000000000000-0x000000000009fbff] usable
[    0.000000] BIOS-e820: [mem 0x000000000009fc00-0x000000000009ffff] reserved
[    0.000000] BIOS-e820: [mem 0x00000000000f0000-0x00000000000fffff] reserved
[    0.000000] BIOS-e820: [mem 0x0000000000100000-0x000000003ffeffff] usable
[    0.000000] BIOS-e820: [mem 0x000000003fff0000-0x000000003fffffff] ACPI data
[    0.000000] BIOS-e820: [mem 0x00000000fec00000-0x00000000fec00fff] reserved
[    0.000000] BIOS-e820: [mem 0x00000000fee00000-0x00000000fee00fff] reserved
[    0.000000] BIOS-e820: [mem 0x00000000fffc0000-0x00000000ffffffff] reserved
[    0.000000] NX (Execute Disable) protection: active
[    0.000000] SMBIOS 2.5 present.
[    0.000000] Hypervisor detected: KVM
[    0.000000] Kernel/User page tables isolation: disabled
[    0.000000] AGP: No AGP bridge found
[    0.000000] e820: last_pfn = 0x3fff0 max_arch_pfn = 0x400000000
[    0.000000] MTRR: Disabled
[    0.000000] x86/PAT: MTRRs disabled, skipping PAT initialization too.
[    0.000000] CPU MTRRs all blank - virtualized system.
[    0.000000] x86/PAT: Configuration [0-7]: WB  WT  UC- UC  WB  WT  UC- UC  
[    0.000000] found SMP MP-table at [mem 0x0009fff0-0x0009ffff] mapped at [ffff88000009fff0]
[    0.000000] Scanning 1 areas for low memory corruption
[    0.000000] RAMDISK: [mem 0x362dc000-0x37165fff]
[    0.000000] ACPI: Early table checksum verification disabled
[    0.000000] ACPI: RSDP 0x00000000000E0000 000024 (v02 VBOX  )
[    0.000000] ACPI: XSDT 0x000000003FFF0030 00003C (v01 VBOX   VBOXXSDT 00000001 ASL  00000061)
[    0.000000] ACPI: FACP 0x000000003FFF00F0 0000F4 (v04 VBOX   VBOXFACP 00000001 ASL  00000061)
[    0.000000] ACPI: DSDT 0x000000003FFF0470 002325 (v02 VBOX   VBOXBIOS 00000002 INTL 20100528)
[    0.000000] ACPI: FACS 0x000000003FFF0200 000040
[    0.000000] ACPI: FACS 0x000000003FFF0200 000040
[    0.000000] ACPI: APIC 0x000000003FFF0240 00005C (v02 VBOX   VBOXAPIC 00000001 ASL  00000061)
[    0.000000] ACPI: SSDT 0x000000003FFF02A0 0001CC (v01 VBOX   VBOXCPUT 00000002 INTL 20100528)
[    0.000000] No NUMA configuration found
[    0.000000] Faking a node at [mem 0x0000000000000000-0x000000003ffeffff]
[    0.000000] NODE_DATA(0) allocated [mem 0x3ffeb000-0x3ffeffff]
[    0.000000] kvm-clock: Using msrs 4b564d01 and 4b564d00
[    0.000000] kvm-clock: cpu 0, msr 0:3ffe3001, primary cpu clock
[    0.000000] kvm-clock: using sched offset of 6229680005 cycles
[    0.000000] clocksource: kvm-clock: mask: 0xffffffffffffffff max_cycles: 0x1cd42e4dffb, max_idle_ns: 881590591483 ns
[    0.000000] Zone ranges:
[    0.000000]   DMA      [mem 0x0000000000001000-0x0000000000ffffff]
[    0.000000]   DMA32    [mem 0x0000000001000000-0x000000003ffeffff]
[    0.000000]   Normal   empty
[    0.000000]   Device   empty
[    0.000000] Movable zone start for each node
[    0.000000] Early memory node ranges
[    0.000000]   node   0: [mem 0x0000000000001000-0x000000000009efff]
[    0.000000]   node   0: [mem 0x0000000000100000-0x000000003ffeffff]
[    0.000000] Initmem setup node 0 [mem 0x0000000000001000-0x000000003ffeffff]
[    0.000000] ACPI: PM-Timer IO Port: 0x4008
[    0.000000] IOAPIC[0]: apic_id 2, version 32, address 0xfec00000, GSI 0-23
[    0.000000] ACPI: INT_SRC_OVR (bus 0 bus_irq 0 global_irq 2 dfl dfl)
[    0.000000] ACPI: INT_SRC_OVR (bus 0 bus_irq 9 global_irq 9 low level)
[    0.000000] Using ACPI (MADT) for SMP configuration information
[    0.000000] smpboot: Allowing 2 CPUs, 0 hotplug CPUs
[    0.000000] PM: Registered nosave memory: [mem 0x00000000-0x00000fff]
[    0.000000] PM: Registered nosave memory: [mem 0x0009f000-0x0009ffff]
[    0.000000] PM: Registered nosave memory: [mem 0x000a0000-0x000effff]
[    0.000000] PM: Registered nosave memory: [mem 0x000f0000-0x000fffff]
[    0.000000] e820: [mem 0x40000000-0xfebfffff] available for PCI devices
[    0.000000] Booting paravirtualized kernel on KVM
[    0.000000] clocksource: refined-jiffies: mask: 0xffffffff max_cycles: 0xffffffff, max_idle_ns: 7645519600211568 ns
[    0.000000] setup_percpu: NR_CPUS:512 nr_cpumask_bits:512 nr_cpu_ids:2 nr_node_ids:1
[    0.000000] PERCPU: Embedded 33 pages/cpu @ffff88003fc00000 s95192 r8192 d31784 u1048576
[    0.000000] Built 1 zonelists in Node order, mobility grouping on.  Total pages: 257912
[    0.000000] Policy zone: DMA32
[    0.000000] Kernel command line: BOOT_IMAGE=/boot/vmlinuz-4.4.0-210-generic root=LABEL=cloudimg-rootfs ro console=tty1 console=ttyS0
[    0.000000] PID hash table entries: 4096 (order: 3, 32768 bytes)
[    0.000000] AGP: Checking aperture...
[    0.000000] AGP: No AGP bridge found
[    0.000000] Memory: 997792K/1048120K available (8644K kernel code, 1332K rwdata, 4044K rodata, 1492K init, 1164K bss, 50328K reserved, 0K cma-reserved)
[    0.000000] SLUB: HWalign=64, Order=0-3, MinObjects=0, CPUs=2, Nodes=1
[    0.000000] Hierarchical RCU implementation.
[    0.000000] 	Build-time adjustment of leaf fanout to 64.
[    0.000000] 	RCU restricting CPUs from NR_CPUS=512 to nr_cpu_ids=2.
[    0.000000] RCU: Adjusting geometry for rcu_fanout_leaf=64, nr_cpu_ids=2
[    0.000000] NR_IRQS:33024 nr_irqs:440 16
[    0.000000] Console: colour VGA+ 80x25
[    0.000000] console [tty1] enabled
[    0.000000] console [ttyS0] enabled
[    0.000000] tsc: Detected 3214.438 MHz processor
[    1.606672] Calibrating delay loop (skipped) preset value.. 6428.87 BogoMIPS (lpj=12857752)
[    1.626965] pid_max: default: 32768 minimum: 301
[    1.640418] ACPI: Core revision 20150930
[    1.654963] ACPI: 2 ACPI AML tables successfully acquired and loaded
[    1.675456] Security Framework initialized
[    1.688628] Yama: becoming mindful.
[    1.701911] AppArmor: AppArmor initialized
[    1.714533] Dentry cache hash table entries: 131072 (order: 8, 1048576 bytes)
[    1.750336] Inode-cache hash table entries: 65536 (order: 7, 524288 bytes)
[    1.780330] Mount-cache hash table entries: 2048 (order: 2, 16384 bytes)
[    1.802166] Mountpoint-cache hash table entries: 2048 (order: 2, 16384 bytes)
[    1.827192] Initializing cgroup subsys io
[    1.842614] Initializing cgroup subsys memory
[    1.859236] Initializing cgroup subsys devices
[    1.874333] Initializing cgroup subsys freezer
[    1.891620] Initializing cgroup subsys net_cls
[    1.906104] Initializing cgroup subsys perf_event
[    1.919184] Initializing cgroup subsys net_prio
[    1.934827] Initializing cgroup subsys hugetlb
[    1.949618] Initializing cgroup subsys pids
[    1.965039] mce: CPU supports 0 MCE banks
[    1.977812] Last level iTLB entries: 4KB 512, 2MB 1024, 4MB 512
[    1.996979] Last level dTLB entries: 4KB 1024, 2MB 1024, 4MB 512, 1GB 0
[    2.018419] Spectre V1 : Mitigation: usercopy/swapgs barriers and __user pointer sanitization
[    2.043939] Spectre V2 : Spectre mitigation: LFENCE not serializing, switching to generic retpoline
[    2.073202] Spectre V2 : Mitigation: Full generic retpoline
[    2.089988] Spectre V2 : Spectre v2 / SpectreRSB mitigation: Filling RSB on context switch
[    2.224875] Freeing SMP alternatives memory: 36K
[    2.469982] ftrace: allocating 32380 entries in 127 pages
[    4.105732] smpboot: APIC(0) Converting physical 0 to logical package 0
[    4.131207] smpboot: Max logical packages: 1
[    4.180161] ..TIMER: vector=0x30 apic1=0 pin1=2 apic2=-1 pin2=-1
[    4.305278] smpboot: CPU0: AMD FX-8320E Eight-Core Processor (family: 0x15, model: 0x2, stepping: 0x0)
[    4.329147] Performance Events: Broken PMU hardware detected, using software events only.
[    4.348276] Failed to access perfctr msr (MSR c0010007 is 0)
[    4.600448] KVM setup paravirtual spinlock
[    4.615607] x86: Booting SMP configuration:
[    4.624920] .... node  #0, CPUs:      #1
[    4.637204] kvm-clock: cpu 1, msr 0:3ffe3041, secondary cpu clock
[    4.650611] mce: CPU supports 0 MCE banks
[    4.658337] TSC synchronization [CPU#0 -> CPU#1]:
[    4.669984] Measured 90453 cycles TSC warp between CPUs, turning off TSC clock.
[    4.685941] tsc: Marking TSC unstable due to check_tsc_sync_source failed
[    0.992456] x86: Booted up 1 node, 2 CPUs
[    0.996005] smpboot: Total of 2 processors activated (12857.75 BogoMIPS)
[    1.008265] devtmpfs: initialized
[    1.036000] evm: security.selinux
[    1.056008] evm: security.SMACK64
[    1.080162] evm: security.SMACK64EXEC
[    1.096006] evm: security.SMACK64TRANSMUTE
[    1.108003] evm: security.SMACK64MMAP
[    1.116005] evm: security.ima
[    1.124004] evm: security.capability
[    1.136481] clocksource: jiffies: mask: 0xffffffff max_cycles: 0xffffffff, max_idle_ns: 7645041785100000 ns
[    1.140085] futex hash table entries: 512 (order: 3, 32768 bytes)
[    1.144681] pinctrl core: initialized pinctrl subsystem
[    1.161701] RTC time: 21:23:44, date: 02/07/23
[    1.178205] NET: Registered protocol family 16
[    1.200008] cpuidle: using governor ladder
[    1.216009] cpuidle: using governor menu
[    1.228014] PCCT header not found.
[    1.249638] ACPI: bus type PCI registered
[    1.264007] acpiphp: ACPI Hot Plug PCI Controller Driver version: 0.5
[    1.281683] PCI: Using configuration type 1 for base access
[    1.296005] PCI: Using configuration type 1 for extended access
[    1.336862] ACPI: Added _OSI(Module Device)
[    1.348004] ACPI: Added _OSI(Processor Device)
[    1.360004] ACPI: Added _OSI(3.0 _SCP Extensions)
[    1.372009] ACPI: Added _OSI(Processor Aggregator Device)
[    1.391071] ACPI: Executed 1 blocks of module-level executable AML code
[    1.420117] ACPI: Interpreter enabled
[    1.432015] ACPI: (supports S0 S5)
[    1.440004] ACPI: Using IOAPIC for interrupt routing
[    1.453262] PCI: Using host bridge windows from ACPI; if necessary, use "pci=nocrs" and report a bug
[    1.493868] ACPI: PCI Root Bridge [PCI0] (domain 0000 [bus 00-ff])
[    1.512019] acpi PNP0A03:00: _OSC: OS supports [ExtendedConfig ASPM ClockPM Segments MSI]
[    1.536152] acpi PNP0A03:00: _OSC: platform does not support [PCIeCapability]
[    1.558464] acpi PNP0A03:00: _OSC: not requesting control; platform does not support [PCIeCapability]
[    1.584015] acpi PNP0A03:00: _OSC: OS requested [PCIeHotplug PME AER PCIeCapability]
[    1.604009] acpi PNP0A03:00: _OSC: platform willing to grant [PCIeHotplug PME AER]
[    1.624012] acpi PNP0A03:00: _OSC failed (AE_SUPPORT); disabling ASPM
[    1.641943] PCI host bridge to bus 0000:00
[    1.652006] pci_bus 0000:00: root bus resource [io  0x0000-0x0cf7 window]
[    1.672005] pci_bus 0000:00: root bus resource [io  0x0d00-0xffff window]
[    1.688010] pci_bus 0000:00: root bus resource [mem 0x000a0000-0x000bffff window]
[    1.748008] pci_bus 0000:00: root bus resource [mem 0x40000000-0xfdffffff window]
[    1.768008] pci_bus 0000:00: root bus resource [bus 00-ff]
[    1.803480] pci 0000:00:01.1: legacy IDE quirk: reg 0x10: [io  0x01f0-0x01f7]
[    1.820005] pci 0000:00:01.1: legacy IDE quirk: reg 0x14: [io  0x03f6]
[    1.836005] pci 0000:00:01.1: legacy IDE quirk: reg 0x18: [io  0x0170-0x0177]
[    1.852005] pci 0000:00:01.1: legacy IDE quirk: reg 0x1c: [io  0x0376]
[    1.917683] pci 0000:00:07.0: quirk: [io  0x4000-0x403f] claimed by PIIX4 ACPI
[    1.936107] pci 0000:00:07.0: quirk: [io  0x4100-0x410f] claimed by PIIX4 SMB
[    1.983516] ACPI: PCI Interrupt Link [LNKA] (IRQs 5 9 10 *11)
[    2.012380] ACPI: PCI Interrupt Link [LNKB] (IRQs 5 9 *10 11)
[    2.040547] ACPI: PCI Interrupt Link [LNKC] (IRQs 5 *9 10 11)
[    2.068474] ACPI: PCI Interrupt Link [LNKD] (IRQs 5 9 10 *11)
[    2.096777] ACPI: Enabled 2 GPEs in block 00 to 07
[    2.116554] vgaarb: setting as boot device: PCI:0000:00:02.0
[    2.120000] vgaarb: device added: PCI:0000:00:02.0,decodes=io+mem,owns=io+mem,locks=none
[    2.148011] vgaarb: loaded
[    2.156006] vgaarb: bridge control possible 0000:00:02.0
[    2.172854] SCSI subsystem initialized
[    2.184612] ACPI: bus type USB registered
[    2.188047] usbcore: registered new interface driver usbfs
[    2.192019] usbcore: registered new interface driver hub
[    2.196015] usbcore: registered new device driver usb
[    2.200785] PCI: Using ACPI for IRQ routing
[    2.217208] NetLabel: Initializing
[    2.228003] NetLabel:  domain hash size = 128
[    2.240003] NetLabel:  protocols = UNLABELED CIPSOv4
[    2.252017] NetLabel:  unlabeled traffic allowed by default
[    2.268281] amd_nb: Cannot enumerate AMD northbridges
[    2.284136] clocksource: Switched to clocksource kvm-clock
[    2.380149] AppArmor: AppArmor Filesystem Enabled
[    2.394866] pnp: PnP ACPI init
[    2.408066] pnp: PnP ACPI: found 3 devices
[    2.501363] clocksource: acpi_pm: mask: 0xffffff max_cycles: 0xffffff, max_idle_ns: 2085701024 ns
[    2.524891] NET: Registered protocol family 2
[    2.538097] TCP established hash table entries: 8192 (order: 4, 65536 bytes)
[    2.556426] TCP bind hash table entries: 8192 (order: 5, 131072 bytes)
[    2.574238] TCP: Hash tables configured (established 8192 bind 8192)
[    2.592428] UDP hash table entries: 512 (order: 2, 16384 bytes)
[    2.608155] UDP-Lite hash table entries: 512 (order: 2, 16384 bytes)
[    2.625092] NET: Registered protocol family 1
[    2.637405] pci 0000:00:00.0: Limiting direct PCI/PCI transfers
[    2.652035] pci 0000:00:01.0: Activating ISA DMA hang workarounds
[    2.670426] Unpacking initramfs...
[    3.080117] Freeing initrd memory: 14888K
[    3.414844] clocksource: tsc: mask: 0xffffffffffffffff max_cycles: 0x2e55911475e, max_idle_ns: 440795272227 ns
[    3.451029] platform rtc_cmos: registered platform RTC device (no PNP device found)
[    3.474899] Scanning for low memory corruption every 60 seconds
[    3.493546] audit: initializing netlink subsys (disabled)
[    3.506247] audit: type=2000 audit(1675805030.596:1): initialized
[    3.521041] Initialise system trusted keyring
[    3.534295] HugeTLB registered 2 MB page size, pre-allocated 0 pages
[    3.554223] zbud: loaded
[    3.562856] VFS: Disk quotas dquot_6.6.0
[    3.573426] VFS: Dquot-cache hash table entries: 512 (order 0, 4096 bytes)
[    3.591020] squashfs: version 4.0 (2009/01/31) Phillip Lougher
[    3.608969] fuse init (API version 7.23)
[    3.621127] Key type big_key registered
[    3.624606] Allocating IMA MOK and blacklist keyrings.
[    3.676565] Key type asymmetric registered
[    3.686399] Asymmetric key parser 'x509' registered
[    3.697888] Block layer SCSI generic (bsg) driver version 0.4 loaded (major 249)
[    3.716756] io scheduler noop registered
[    3.726985] io scheduler deadline registered (default)
[    3.740476] io scheduler cfq registered
[    3.751844] pci_hotplug: PCI Hot Plug PCI Core version: 0.5
[    3.767273] pciehp: PCI Express Hot Plug Controller Driver version: 0.4
[    3.787302] ACPI: AC Adapter [AC] (on-line)
[    3.800015] input: Power Button as /devices/LNXSYSTM:00/LNXPWRBN:00/input/input0
[    3.821727] ACPI: Power Button [PWRF]
[    3.833299] input: Sleep Button as /devices/LNXSYSTM:00/LNXSLPBN:00/input/input1
[    3.852331] ACPI: Sleep Button [SLPF]
[    3.864799] GHES: HEST is not enabled!
[    3.874932] Serial: 8250/16550 driver, 32 ports, IRQ sharing enabled
[    3.926807] 00:02: ttyS0 at I/O 0x3f8 (irq = 4, base_baud = 115200) is a 16550A
[    3.976842] Linux agpgart interface v0.103
[    4.021574] loop: module loaded
[    4.038368] scsi host0: ata_piix
[    4.050095] scsi host1: ata_piix
[    4.058947] ata1: PATA max UDMA/33 cmd 0x1f0 ctl 0x3f6 bmdma 0xd000 irq 14
[    4.075552] ata2: PATA max UDMA/33 cmd 0x170 ctl 0x376 bmdma 0xd008 irq 15
[    4.091804] libphy: Fixed MDIO Bus: probed
[    4.103036] tun: Universal TUN/TAP device driver, 1.6
[    4.116858] tun: (C) 1999-2004 Max Krasnyansky <maxk@qualcomm.com>
[    4.134859] PPP generic driver version 2.4.2
[    4.146106] ehci_hcd: USB 2.0 'Enhanced' Host Controller (EHCI) Driver
[    4.161155] ehci-pci: EHCI PCI platform driver
[    4.172009] ehci-platform: EHCI generic platform driver
[    4.184006] ohci_hcd: USB 1.1 'Open' Host Controller (OHCI) Driver
[    4.198203] ohci-pci: OHCI PCI platform driver
[    4.209105] ohci-platform: OHCI generic platform driver
[    4.220554] uhci_hcd: USB Universal Host Controller Interface driver
[    4.234970] i8042: PNP: PS/2 Controller [PNP0303:PS2K,PNP0f03:PS2M] at 0x60,0x64 irq 1,12
[    4.261578] serio: i8042 KBD port at 0x60,0x64 irq 1
[    4.274089] serio: i8042 AUX port at 0x60,0x64 irq 12
[    4.376397] mousedev: PS/2 mouse device common for all mice
[    4.394916] input: AT Translated Set 2 keyboard as /devices/platform/i8042/serio0/input/input2
[    4.403937] rtc_cmos rtc_cmos: rtc core: registered rtc_cmos as rtc0
[    4.406134] rtc_cmos rtc_cmos: alarms up to one day, 114 bytes nvram
[    4.406170] i2c /dev entries driver
[    4.406354] device-mapper: uevent: version 1.0.3
[    4.406771] device-mapper: ioctl: 4.34.0-ioctl (2015-10-28) initialised: dm-devel@redhat.com
[    4.406795] ledtrig-cpu: registered to indicate activity on CPUs
[    4.412505] x86/pm: family 0x15 cpu detected, MSR saving is needed during suspending.
[    4.413050] NET: Registered protocol family 10
[    4.413633] NET: Registered protocol family 17
[    4.413690] Key type dns_resolver registered
[    4.414434] registered taskstats version 1
[    4.414447] Loading compiled-in X.509 certificates
[    4.415310] Loaded X.509 cert 'Build time autogenerated kernel key: cf00e047681d67edb2720680708b7d9498083038'
[    4.415331] zswap: loaded using pool lzo/zbud
[    4.420766] Key type trusted registered
[    4.431329] Key type encrypted registered
[    4.431336] AppArmor: AppArmor sha1 policy hashing enabled
[    4.431340] ima: No TPM chip found, activating TPM-bypass!
[    4.431345] ima: Allocated hash algorithm: sha1
[    4.431362] evm: HMAC attrs: 0x1
[    4.433649]   Magic number: 11:551:398
[    4.433651]   hash matches /build/linux-3Zqs18/linux-4.4.0/drivers/base/power/main.c:1168
[    4.445461] rtc_cmos rtc_cmos: setting system clock to 2023-02-07 21:23:47 UTC (1675805027)
[    4.445862] BIOS EDD facility v0.16 2004-Jun-25, 0 devices found
[    4.445863] EDD information not available.
[    4.739847] Freeing unused kernel memory: 1492K
[    4.782098] Write protecting the kernel read-only data: 14336k
[    4.797670] Freeing unused kernel memory: 1584K
[    4.809070] Freeing unused kernel memory: 52K
Loading, please wait...
starting version 229
[    4.872709] random: udevadm: uninitialized urandom read (16 bytes read, 6 bits of entropy available)
[    4.873197] random: systemd-udevd: uninitialized urandom read (16 bytes read, 6 bits of entropy available)
[    4.873277] random: systemd-udevd: uninitialized urandom read (16 bytes read, 6 bits of entropy available)
[    4.873289] random: systemd-udevd: uninitialized urandom read (16 bytes read, 6 bits of entropy available)
[    4.873304] random: systemd-udevd: uninitialized urandom read (16 bytes read, 6 bits of entropy available)
[    4.984199] random: udevadm: uninitialized urandom read (16 bytes read, 6 bits of entropy available)
[    5.023191] random: systemd-udevd: uninitialized urandom read (16 bytes read, 6 bits of entropy available)
[    5.029177] random: udevadm: uninitialized urandom read (16 bytes read, 6 bits of entropy available)
[    5.029227] random: udevadm: uninitialized urandom read (16 bytes read, 6 bits of entropy available)
[    5.029494] random: udevadm: uninitialized urandom read (16 bytes read, 6 bits of entropy available)
[    5.195841] e1000: Intel(R) PRO/1000 Network Driver - version 7.3.21-k8-NAPI
[    5.212825] e1000: Copyright (c) 1999-2006 Intel Corporation.
[    5.241667] Fusion MPT base driver 3.04.20
[    5.252208] Copyright (c) 1999-2008 LSI Corporation
[    5.285741] Fusion MPT SPI Host driver 3.04.20
[    5.788009] input: ImExPS/2 Generic Explorer Mouse as /devices/platform/i8042/serio1/input/input4
[    6.405272] e1000 0000:00:03.0 eth0: (PCI:33MHz:32-bit) 02:be:82:6b:cc:1d
[    6.420511] e1000 0000:00:03.0 eth0: Intel(R) PRO/1000 Network Connection
[    7.549773] e1000 0000:00:08.0 eth1: (PCI:33MHz:32-bit) 08:00:27:a3:88:f7
[    7.567996] e1000 0000:00:08.0 eth1: Intel(R) PRO/1000 Network Connection
[    7.587569] mptbase: ioc0: Initiating bringup
[    7.588764] e1000 0000:00:08.0 enp0s8: renamed from eth1
[    7.625206] e1000 0000:00:03.0 enp0s3: renamed from eth0
[    7.684826] ioc0: LSI53C1030 A0: Capabilities={Initiator}
[    7.889898] scsi host2: ioc0: LSI53C1030 A0, FwRev=00000000h, Ports=1, MaxQ=256, IRQ=20
[    8.022695] scsi 2:0:0:0: Direct-Access     VBOX     HARDDISK         1.0  PQ: 0 ANSI: 5
[    8.087709] scsi target2:0:0: Beginning Domain Validation
[    8.116550] scsi target2:0:0: Domain Validation skipping write tests
[    8.131204] scsi target2:0:0: Ending Domain Validation
[    8.143173] scsi target2:0:0: asynchronous
[    8.158858] scsi 2:0:1:0: Direct-Access     VBOX     HARDDISK         1.0  PQ: 0 ANSI: 5
[    8.177104] scsi target2:0:1: Beginning Domain Validation
[    8.206732] scsi target2:0:1: Domain Validation skipping write tests
[    8.221058] scsi target2:0:1: Ending Domain Validation
[    8.234214] scsi target2:0:1: asynchronous
[    8.309492] sd 2:0:0:0: Attached scsi generic sg0 type 0
[    8.323421] sd 2:0:1:0: Attached scsi generic sg1 type 0
[    8.323614] sd 2:0:0:0: [sda] 83886080 512-byte logical blocks: (42.9 GB/40.0 GiB)
[    8.357341] sd 2:0:1:0: [sdb] 20480 512-byte logical blocks: (10.5 MB/10.0 MiB)
[    8.357770] sd 2:0:0:0: [sda] Write Protect is off
[    8.358794] sd 2:0:0:0: [sda] Incomplete mode parameter data
[    8.358796] sd 2:0:0:0: [sda] Assuming drive cache: write through
[    8.378672]  sda: sda1
[    8.385613] sd 2:0:0:0: [sda] Attached SCSI disk
[    8.434329] sd 2:0:1:0: [sdb] Write Protect is off
[    8.446564] sd 2:0:1:0: [sdb] Incomplete mode parameter data
[    8.459646] sd 2:0:1:0: [sdb] Assuming drive cache: write through
[    8.519307] sd 2:0:1:0: [sdb] Attached SCSI disk
Begin: Loading essential drivers ... [   11.034432] md: linear personality registered for level -1
[   11.056590] md: multipath personality registered for level -4
[   11.078619] md: raid0 personality registered for level 0
[   11.122524] md: raid1 personality registered for level 1
[   11.212850] raid6: sse2x1   gen()  4982 MB/s
[   11.288696] raid6: sse2x1   xor()  3813 MB/s
[   11.364333] raid6: sse2x2   gen()  7645 MB/s
[   11.440344] raid6: sse2x2   xor()  5532 MB/s
[   11.516394] raid6: sse2x4   gen()  9234 MB/s
[   11.592221] raid6: sse2x4   xor()  4397 MB/s
[   11.603058] raid6: using algorithm sse2x4 gen() 9234 MB/s
[   11.616268] raid6: .... xor() 4397 MB/s, rmw enabled
[   11.627901] raid6: using ssse3x2 recovery algorithm
[   11.644875] xor: measuring software checksum speed
[   11.696507]    prefetch64-sse: 10678.000 MB/sec
[   11.745171]    generic_sse: 10700.000 MB/sec
[   11.755421] xor: using function: generic_sse (10700.000 MB/sec)
[   11.774852] async_tx: api initialized (async)
[   11.880370] md: raid6 personality registered for level 6
[   11.894304] md: raid5 personality registered for level 5
[   11.906764] md: raid4 personality registered for level 4
[   11.963092] md: raid10 personality registered for level 10
done.
Begin: Running /scripts/init-premount ... done.
Begin: Mounting root file system ... Begin: Running /scripts/local-top ... done.
Begin: Running /scripts/local-premount ... [   12.177526] Btrfs loaded
Scanning for Btrfs filesystems
done.
Warning: fsck not present, so skipping root file system
[   12.423149] EXT4-fs (sda1): mounted filesystem with ordered data mode. Opts: (null)
done.
Begin: Running /scripts/local-bottom ... done.
Begin: Running /scripts/init-bottom ... done.
[   12.978308] random: nonblocking pool is initialized
[   13.772231] systemd[1]: systemd 229 running in system mode. (+PAM +AUDIT +SELINUX +IMA +APPARMOR +SMACK +SYSVINIT +UTMP +LIBCRYPTSETUP +GCRYPT +GNUTLS +ACL +XZ -LZ4 +SECCOMP +BLKID +ELFUTILS +KMOD -IDN)
[   13.810573] systemd[1]: Detected virtualization oracle.
[   13.822700] systemd[1]: Detected architecture x86-64.

Welcome to [1mUbuntu 16.04.7 LTS[0m!

[   13.890092] systemd[1]: Set hostname to <ubuntu-xenial>.
[   15.582791] systemd[1]: Listening on LVM2 poll daemon socket.
[[0;32m  OK  [0m] Listening on LVM2 poll daemon socket.
[   15.605064] systemd[1]: Listening on Journal Socket.
[[0;32m  OK  [0m] Listening on Journal Socket.
[   15.625024] systemd[1]: Created slice User and Session Slice.
[[0;32m  OK  [0m] Created slice User and Session Slice.
[   15.646871] systemd[1]: Set up automount Arbitrary Executable File Formats File System Automount Point.
[[0;32m  OK  [0m] Set up automount Arbitrary Executab...ats File System Automount Point.
[   15.678889] systemd[1]: Started Forward Password Requests to Wall Directory Watch.
[[0;32m  OK  [0m] Started Forward Password Requests to Wall Directory Watch.
[   15.706525] systemd[1]: Listening on udev Kernel Socket.
[[0;32m  OK  [0m] Listening on udev Kernel Socket.
[   15.727531] systemd[1]: Listening on /dev/initctl Compatibility Named Pipe.
[[0;32m  OK  [0m] Listening on /dev/initctl Compatibility Named Pipe.
[   15.753240] systemd[1]: Reached target User and Group Name Lookups.
[[0;32m  OK  [0m] Reached target User and Group Name Lookups.
[   15.776951] systemd[1]: Reached target System Time Synchronized.
[[0;32m  OK  [0m] Reached target System Time Synchronized.
[   15.799788] systemd[1]: Listening on LVM2 metadata daemon socket.
[[0;32m  OK  [0m] Listening on LVM2 metadata daemon socket.
[   15.825693] systemd[1]: Listening on Journal Audit Socket.
[[0;32m  OK  [0m] Listening on Journal Audit Socket.
[   15.848336] systemd[1]: Started Trigger resolvconf update for networkd DNS.
[[0;32m  OK  [0m] Started Trigger resolvconf update for networkd DNS.
[   15.874479] systemd[1]: Listening on fsck to fsckd communication Socket.
[[0;32m  OK  [0m] Listening on fsck to fsckd communication Socket.
[   15.899766] systemd[1]: Reached target Encrypted Volumes.
[[0;32m  OK  [0m] Reached target Encrypted Volumes.
[   15.920748] systemd[1]: Listening on Journal Socket (/dev/log).
[[0;32m  OK  [0m] Listening on Journal Socket (/dev/log).
[   15.943966] systemd[1]: Listening on udev Control Socket.
[[0;32m  OK  [0m] Listening on udev Control Socket.
[   15.965668] systemd[1]: Reached target Swap.
[[0;32m  OK  [0m] Reached target Swap.
[   15.983602] systemd[1]: Listening on Device-mapper event daemon FIFOs.
[[0;32m  OK  [0m] Listening on Device-mapper event daemon FIFOs.
[   16.008487] systemd[1]: Listening on Syslog Socket.
[[0;32m  OK  [0m] Listening on Syslog Socket.
[   16.030010] systemd[1]: Created slice System Slice.
[[0;32m  OK  [0m] Created slice System Slice.
[   16.049708] systemd[1]: Reached target Slices.
[[0;32m  OK  [0m] Reached target Slices.
[   16.086544] systemd[1]: Starting Journal Service...
         Starting Journal Service...
[   16.153369] systemd[1]: Starting Uncomplicated firewall...
         Starting Uncomplicated firewall...
[   16.183163] systemd[1]: Created slice system-serial\x2dgetty.slice.
[[0;32m  OK  [0m] Created slice system-serial\x2dgetty.slice.
[   16.218737] systemd[1]: Mounting POSIX Message Queue File System...
         Mounting POSIX Message Queue File System...
[   16.256612] systemd[1]: Starting Nameserver information manager...
         Starting Nameserver information manager...
[   16.287488] systemd[1]: Starting Create list of required static device nodes for the current kernel...
         Starting Create list of required st... nodes for the current kernel...
[   16.452666] systemd[1]: Starting Load Kernel Modules...
         Starting Load Kernel Modules...
[   16.475350] systemd[1]: Starting Monitoring of LVM2 mirrors, snapshots etc. using dmeventd or progress polling...
         Starting Monitoring of LVM2 mirrors... dmeventd or progress polling...
[   16.514806] systemd[1]: Starting Set console keymap...
         Starting Set console keymap...
[   16.536412] systemd[1]: Starting File System Check on Root Device...
         Starting File System Check on Root Device...
[   16.562361] systemd[1]: Mounting Debug File System...
         Mounting Debug File System...
[   16.583844] systemd[1]: Mounting Huge Pages File System...
         Mounting Huge Pages File System...
[   16.608998] systemd[1]: Mounted Huge Pages File System.
[[0;32m  OK  [0m] Mounted Huge Pages File System.
[   16.636007] systemd[1]: Mounted POSIX Message Queue File System.
[[0;32m  OK  [0m] Mounted POSIX Message Queue File System.
[   16.659916] systemd[1]: Mounted Debug File System.
[[0;32m  OK  [0m] Mounted Debug File System.
[   16.680064] systemd[1]: Started Journal Service.
[[0;32m  OK  [0m] Started Journal Service.
[[0;32m  OK  [0m] Started Uncomplicated firewall.
[[0;32m  OK  [0m] Started Create list of required sta...ce nodes for the current kernel.
         Starting Create Static Device Nodes in /dev...
[[0;32m  OK  [0m] Started File System Check Daemon to report status.
[   16.906682] Loading iSCSI transport class v2.0-870.
[[0;32m  OK  [0m] Started Nameserver information manager.
[   17.201436] iscsi: registered transport (tcp)
[[0;32m  OK  [0m] Started Set console keymap.
[[0;32m  OK  [0m] Started LVM2 metadata daemon.
[[0;32m  OK  [0m] Started File System Check on Root Device.
         Starting Remount Root and Kernel File Systems...
[   17.641019] EXT4-fs (sda1): re-mounted. Opts: (null)
[[0;32m  OK  [0m] Started Remount Root and Kernel File Systems.
         Starting Load/Save Random Seed...
         Starting Flush Journal to Persistent Storage...
[   17.791223] iscsi: registered transport (iser)
         Starting udev Coldplug all Devices...
[[0;32m  OK  [0m] Started Load Kernel Modules.
[[0;32m  OK  [0m] Started Load/Save Random Seed.
         Mounting FUSE Control File System...
         Starting Apply Kernel Variables...
[[0;32m  OK  [0m] Mounted FUSE Control File System.
[   17.954242] systemd-journald[357]: Received request to flush runtime journal from PID 1
[[0;32m  OK  [0m] Started Create Static Device Nodes in /dev.
         Starting udev Kernel Device Manager...
[[0;32m  OK  [0m] Started Flush Journal to Persistent Storage.
[[0;32m  OK  [0m] Started udev Coldplug all Devices.
[[0;32m  OK  [0m] Started Apply Kernel Variables.
[[0;32m  OK  [0m] Started Monitoring of LVM2 mirrors,...ng dmeventd or progress polling.
[[0;32m  OK  [0m] Reached target Local File Systems (Pre).
[[0;32m  OK  [0m] Reached target Local File Systems.
         Starting Create Volatile Files and Directories...
         Starting Tell Plymouth To Write Out Runtime Data...
         Starting Set console font and keymap...
         Starting LSB: AppArmor initialization...
         Starting Initial cloud-init job (pre-networking)...
[[0;32m  OK  [0m] Started Tell Plymouth To Write Out Runtime Data.
[[0;32m  OK  [0m] Started Create Volatile Files and Directories.
         Starting Update UTMP about System Boot/Shutdown...
[[0;32m  OK  [0m] Started Update UTMP about System Boot/Shutdown.
[[0;32m  OK  [0m] Started udev Kernel Device Manager.
[[0;32m  OK  [0m] Started Dispatch Password Requests to Console Directory Watch.
[[0;32m  OK  [0m] Found device /dev/ttyS0.
[[0;32m  OK  [0m] Listening on Load/Save RF Kill Switch Status /dev/rfkill Watch.
[[0;32m  OK  [0m] Found device 82540EM Gigabit Ethern...r (PRO/1000 MT Desktop Adapter).
[[0;32m  OK  [0m] Started LSB: AppArmor initialization.
         Starting Load AppArmor profiles managed internally by snapd...
[[0;32m  OK  [0m] Started Load AppArmor profiles managed internally by snapd.
[[0;32m  OK  [0m] Started Set console font and keymap.
[[0;32m  OK  [0m] Created slice system-getty.slice.
[   28.965667] cloud-init[478]: Cloud-init v. 21.1-19-gbad84ad4-0ubuntu1~16.04.2 running 'init-local' at Tue, 07 Feb 2023 21:24:10 +0000. Up 27.41 seconds.
[[0;32m  OK  [0m] Started Initial cloud-init job (pre-networking).
[[0;32m  OK  [0m] Reached target Network (Pre).
         Starting Raise network interfaces...
[[0;32m  OK  [0m] Started ifup for enp0s3.
[[0;32m  OK  [0m] Started Raise network interfaces.
         Starting Initial cloud-init job (metadata service crawler)...
[[0;32m  OK  [0m] Reached target Network.
[   31.356738] cloud-init[987]: Cloud-init v. 21.1-19-gbad84ad4-0ubuntu1~16.04.2 running 'init' at Tue, 07 Feb 2023 21:24:13 +0000. Up 30.32 seconds.
[   31.386035] cloud-init[987]: ci-info: ++++++++++++++++++++++++++++++++++++++Net device info+++++++++++++++++++++++++++++++++++++++
[   31.407936] cloud-init[987]: ci-info: +--------+-------+----------------------------+---------------+--------+-------------------+
[   32.081914] cloud-init[987]: ci-info: | Device |   Up  |          Address           |      Mask     | Scope  |     Hw-Address    |
[[0;32m  OK  [0m] Started Initial cloud-init job (metadata service crawler).
[[0;32m  OK  [0m] Reached target Network is Online.
[   32.115534] cloud-init[987]: ci-info: +--------+-------+----------------------------+---------------+--------+-------------------+         Starting iSCSI initiator daemon (iscsid)...
[[0;32m  OK  [0m] Reached target Cloud-config availability.
[[0;32m  OK  [0m] Reached target System Initialization.

[   32.166007]          Starting LXD - unix socket.
cloud-init[987]: ci-info: | enp0s3 |  True |         10.0.2.15          | 255.255.255.0 | global | 02:be:82:6b:cc:1d |
[   32.192572] [[0;32m  OK  [0m] Started ACPI Events Check.
[[0;32m  OK  [0m] Reached target Paths.
cloud-init[987]: ci-info: | enp0s3 |  True | fe80::be:82ff:fe6b:cc1d/64 |       .       |  link  | 02:be:82:6b:cc:1d |
[   32.222571] cloud-init[987]: ci-info: | enp0s8 | False |             .              |       .       |   .    | 08:00:27:a3:88:f7 |[[0;32m  OK  [0m] Started Ubuntu Advantage update messaging.
[[0;32m  OK  [0m] Started Message of the Day.
[[0;32m  OK  [0m] Started Daily Cleanup of Temporary Directories.
[[0;32m  OK  [0m] Started Daily apt download activities.
[[0;32m  OK  [0m] Started Daily apt upgrade and clean activities.
[[0;32m  OK  [0m] Listening on D-Bus System Message Bus Socket.
[[0;32m  OK  [0m] Listening on ACPID Listen Socket.
         Starting Socket activation for snappy daemon.
[[0;32m  OK  [0m] Reached target Timers.
[[0;32m  OK  [0m] Listening on UUID daemon activation socket.

[   32.294947] [[0;32m  OK  [0m] Listening on LXD - unix socket.
[[0;32m  OK  [0m] Listening on Socket activation for snappy daemon.
[[0;32m  OK  [0m] Reached target Sockets.
[[0;32m  OK  [0m] Reached target Basic System.
cloud-init[987]: ci-info: |   lo   |  True |         127.0.0.1          |   255.0.0.0   |  host  |         .         |
[[0;32m  OK  [0m] Started Regular background program processing daemon.
[   32.338207]          Starting Virtualbox guest utils...cloud-init[987]: ci-info: |   lo   |  True |          ::1/128           |       .       |  host  |         .         |
[   32.351722] cloud-init[987]: ci-info: +--------+-------+----------------------------+---------------+--------+-------------------+
[   32.351838] cloud-init[987]: ci-info: +++++++++++++++++++++++++++Route IPv4 info++++++++++++++++++++++++++++
[   32.354024] cloud-init[987]: ci-info: +-------+-------------+----------+---------------+-----------+-------+
[   32.355029] cloud-init[987]: ci-info: | Route | Destination | Gateway  |    Genmask    | Interface | Flags |
[   32.356051] cloud-init[987]: ci-info: +-------+-------------+----------+---------------+-----------+-------+
[   32.358533] cloud-init[987]: ci-info: |   0   |   0.0.0.0   | 10.0.2.2 |    0.0.0.0    |   enp0s3  |   UG  |
[   32.359499] cloud-init[987]: ci-info: |   1   |   10.0.2.0  | 0.0.0.0  | 255.255.255.0 |   enp0s3  |   U   |
[   32.361701] cloud-init[987]: ci-info: +-------+-------------+----------+---------------+-----------+-------+
[   32.362698] cloud-init[987]: ci-info: +++++++++++++++++++Route IPv6 info+++++++++++++++++++
[   32.363779] cloud-init[987]: ci-info: +-------+-------------+---------+-----------+-------+
[   32.365824] cloud-init[987]: ci-info: | Route | Destination | Gateway | Interface | Flags |
[   32.366787] cloud-init[987]: ci-info: +-------+-------------+---------+-----------+-------+
[   32.367782] cloud-init[987]: ci-info: |   0   |  fe80::/64  |    ::   |   enp0s3  |   U   |
[   32.370521] cloud-init[987]: ci-info: |   3   |   ff00::/8  |    ::   |   enp0s3  |   U   |
[   32.370859] cloud-init[987]: ci-info: +-------+-------------+---------+-----------+-------+

[[0;32m  OK  [0m] Started FUSE filesystem for LXC.
         Starting Accounts Service...
[[0;32m  OK  [0m] Started ACPI event daemon.
         Starting System Logging Service...
         Starting /etc/rc.local Compatibility...
[[0;32m  OK  [0m] Started Deferred execution scheduler.
[[0;32m  OK  [0m] Started D-Bus System Message Bus.
         Starting LSB: MD monitoring daemon...
         Starting A high performance web server and a reverse proxy server...
         Starting Login Service...
         Starting Pollinate to seed the pseudo random number generator...
         Starting Snap Daemon...
         Starting LSB: Record successful boot for GRUB...
         Starting LXD - container startup/shutdown...
[[0;32m  OK  [0m] Started System Logging Service.
[[0;32m  OK  [0m] Started iSCSI initiator daemon (iscsid).
[[0;32m  OK  [0m] Started /etc/rc.local Compatibility.
         Starting Login to default iSCSI targets...
[[0;32m  OK  [0m] Started Login Service.
         Starting Authenticate and Authorize Users to Run Privileged Tasks...
[[0;32m  OK  [0m] Started Unattended Upgrades Shutdown.
[[0;32m  OK  [0m] Started LSB: Record successful boot for GRUB.
[[0;32m  OK  [0m] Started Login to default iSCSI targets.
[[0;32m  OK  [0m] Reached target Remote File Systems (Pre).
[[0;32m  OK  [0m] Reached target Remote File Systems.
         Starting LSB: daemon to balance interrupts for SMP systems...
         Starting Permit User Sessions...
         Starting LSB: Set the CPU Frequency Scaling governor to "ondemand"...
         Starting LSB: automatic crash report generation...
[[0;32m  OK  [0m] Started LSB: MD monitoring daemon.
[[0;32m  OK  [0m] Started LSB: Set the CPU Frequency Scaling governor to "ondemand".
[[0;32m  OK  [0m] Started Permit User Sessions.
         Starting Terminate Plymouth Boot Screen...
         Starting Hold until boot process finishes up...
[[0;32m  OK  [0m] Started Terminate Plymouth Boot Screen.
[[0;32m  OK  [0m] Started Hold until boot process finishes up.
[[0;32m  OK  [0m] Started Getty on tty1.
         Starting Set console scheme...
[[0;32m  OK  [0m] Started Serial Getty on ttyS0.
[[0;32m  OK  [0m] Reached target Login Prompts.
[[0;32m  OK  [0m] Started Set console scheme.
[[0;32m  OK  [0m] Started LSB: daemon to balance interrupts for SMP systems.
[[0;32m  OK  [0m] Started Authenticate and Authorize Users to Run Privileged Tasks.
[[0;32m  OK  [0m] Started Accounts Service.
[[0;32m  OK  [0m] Started LSB: automatic crash report generation.
[[0;32m  OK  [0m] Started Virtualbox guest utils.
[[0;32m  OK  [0m] Started Pollinate to seed the pseudo random number generator.
         Starting OpenBSD Secure Shell server...
[[0;32m  OK  [0m] Started A high performance web server and a reverse proxy server.

Ubuntu 16.04.7 LTS ubuntu-xenial ttyS0

ubuntu-xenial login: [   43.390399] cloud-init[1316]: Cloud-init v. 21.1-19-gbad84ad4-0ubuntu1~16.04.2 running 'modules:config' at Tue, 07 Feb 2023 21:24:26 +0000. Up 42.94 seconds.
[   44.662335] cloud-init[1381]: Cloud-init v. 21.1-19-gbad84ad4-0ubuntu1~16.04.2 running 'modules:final' at Tue, 07 Feb 2023 21:24:27 +0000. Up 44.02 seconds.
[   44.693990] cloud-init[1381]: Cloud-init v. 21.1-19-gbad84ad4-0ubuntu1~16.04.2 finished at Tue, 07 Feb 2023 21:24:27 +0000. Datasource DataSourceNoCloud [seed=/dev/sdb][dsmode=net].  Up 44.63 seconds
